/Library/Frameworks/Python.framework/Versions/3.13/lib/python3.13/site-packages/keras/src/export/tf2onnx_lib.py:8: FutureWarning: In the future `np.object` will be defined as the corresponding NumPy scalar.
  if not hasattr(np, "object"):
/Users/liyongsheng/PycharmProjects/girls/LSTMele/power_processor.py:56: FutureWarning: 'T' is deprecated and will be removed in a future version, please use 'min' instead.
  self.df = self.df.resample(resample_freq).mean()
/Users/liyongsheng/PycharmProjects/girls/LSTMele/power_processor.py:60: FutureWarning: DataFrame.fillna with 'method' is deprecated and will raise in a future version. Use obj.ffill() or obj.bfill() instead.
  self.df.fillna(method='ffill', inplace=True)
/Users/liyongsheng/PycharmProjects/girls/LSTMele/power_processor.py:61: FutureWarning: DataFrame.fillna with 'method' is deprecated and will raise in a future version. Use obj.ffill() or obj.bfill() instead.
  self.df.fillna(method='bfill', inplace=True) # Catch remaining
/Users/liyongsheng/PycharmProjects/girls/LSTMele/power_processor.py:94: FutureWarning: 'H' is deprecated and will be removed in a future version, please use 'h' instead.
  roller = self.df[self.target_col].rolling(window=window, min_periods=1)
/Users/liyongsheng/PycharmProjects/girls/LSTMele/power_processor.py:94: FutureWarning: 'H' is deprecated and will be removed in a future version, please use 'h' instead.
  roller = self.df[self.target_col].rolling(window=window, min_periods=1)
Initializing SHEMS Service Layer...
Loading data from uk_dale_tf_demo.csv...
Data loaded and cleaned. Shape changed from (5000, 3) to (5000, 3)
Starting feature engineering...
Feature engineering complete. Total features: 15
Scaling data...
WARN: No model weights found. Using random init.
Sequences created. X shape: (4952, 24, 16), y shape: (4952,)
DeepExplainer failed. Using PermutationExplainer with flattened inputs.
SHEMS Service Layer Ready.
 * Serving Flask app 'app'
 * Debug mode: on
[31m[1mWARNING: This is a development server. Do not use it in a production deployment. Use a production WSGI server instead.[0m
 * Running on all addresses (0.0.0.0)
 * Running on http://127.0.0.1:5002
 * Running on http://198.18.0.1:5002
[33mPress CTRL+C to quit[0m
 * Restarting with stat
/Library/Frameworks/Python.framework/Versions/3.13/lib/python3.13/site-packages/keras/src/export/tf2onnx_lib.py:8: FutureWarning: In the future `np.object` will be defined as the corresponding NumPy scalar.
  if not hasattr(np, "object"):
/Users/liyongsheng/PycharmProjects/girls/LSTMele/power_processor.py:56: FutureWarning: 'T' is deprecated and will be removed in a future version, please use 'min' instead.
  self.df = self.df.resample(resample_freq).mean()
/Users/liyongsheng/PycharmProjects/girls/LSTMele/power_processor.py:60: FutureWarning: DataFrame.fillna with 'method' is deprecated and will raise in a future version. Use obj.ffill() or obj.bfill() instead.
  self.df.fillna(method='ffill', inplace=True)
/Users/liyongsheng/PycharmProjects/girls/LSTMele/power_processor.py:61: FutureWarning: DataFrame.fillna with 'method' is deprecated and will raise in a future version. Use obj.ffill() or obj.bfill() instead.
  self.df.fillna(method='bfill', inplace=True) # Catch remaining
/Users/liyongsheng/PycharmProjects/girls/LSTMele/power_processor.py:94: FutureWarning: 'H' is deprecated and will be removed in a future version, please use 'h' instead.
  roller = self.df[self.target_col].rolling(window=window, min_periods=1)
/Users/liyongsheng/PycharmProjects/girls/LSTMele/power_processor.py:94: FutureWarning: 'H' is deprecated and will be removed in a future version, please use 'h' instead.
  roller = self.df[self.target_col].rolling(window=window, min_periods=1)
 * Debugger is active!
 * Debugger PIN: 472-366-065
Initializing SHEMS Service Layer...
Loading data from uk_dale_tf_demo.csv...
Data loaded and cleaned. Shape changed from (5000, 3) to (5000, 3)
Starting feature engineering...
Feature engineering complete. Total features: 15
Scaling data...
WARN: No model weights found. Using random init.
Sequences created. X shape: (4952, 24, 16), y shape: (4952,)
DeepExplainer failed. Using PermutationExplainer with flattened inputs.
SHEMS Service Layer Ready.
Traceback (most recent call last):
  File "/Users/liyongsheng/PycharmProjects/girls/LSTMele/app.py", line 39, in <module>
    app.run(host='0.0.0.0', port=5002, debug=True)
    ~~~~~~~^^^^^^^^^^^^^^^^^^^^^^^^^^^^^^^^^^^^^^^
  File "/Library/Frameworks/Python.framework/Versions/3.13/lib/python3.13/site-packages/flask/app.py", line 662, in run
    run_simple(t.cast(str, host), port, self, **options)
    ~~~~~~~~~~^^^^^^^^^^^^^^^^^^^^^^^^^^^^^^^^^^^^^^^^^^
  File "/Library/Frameworks/Python.framework/Versions/3.13/lib/python3.13/site-packages/werkzeug/serving.py", line 1115, in run_simple
    run_with_reloader(
    ~~~~~~~~~~~~~~~~~^
        srv.serve_forever,
        ^^^^^^^^^^^^^^^^^^
    ...<3 lines>...
        reloader_type=reloader_type,
        ^^^^^^^^^^^^^^^^^^^^^^^^^^^^
    )
    ^
  File "/Library/Frameworks/Python.framework/Versions/3.13/lib/python3.13/site-packages/werkzeug/_reloader.py", line 453, in run_with_reloader
    ensure_echo_on()
    ~~~~~~~~~~~~~~^^
  File "/Library/Frameworks/Python.framework/Versions/3.13/lib/python3.13/site-packages/werkzeug/_reloader.py", line 433, in ensure_echo_on
    termios.tcsetattr(sys.stdin, termios.TCSANOW, attributes)
    ~~~~~~~~~~~~~~~~~^^^^^^^^^^^^^^^^^^^^^^^^^^^^^^^^^^^^^^^^
termios.error: (4, 'Interrupted system call')
